******************************************************************************
                  TI ARM Linker PC v20.2.4                     
******************************************************************************
>> Linked Mon Mar 14 21:59:35 2022

OUTPUT FILE NAME:   <IMU.out>
ENTRY POINT SYMBOL: "_c_int00_noargs"  address: 00002b31


MEMORY CONFIGURATION

         name            origin    length      used     unused   attr    fill
----------------------  --------  ---------  --------  --------  ----  --------
  FLASH                 00000000   00040000  00002fb2  0003d04e  R  X
  SRAM                  20000000   00008000  0000041d  00007be3  RW X


SEGMENT ALLOCATION MAP

run origin  load origin   length   init length attrs members
----------  ----------- ---------- ----------- ----- -------
00000000    00000000    00002fb8   00002fb8    r-x
  00000000    00000000    0000026c   0000026c    r-- .intvecs
  0000026c    0000026c    00002ac2   00002ac2    r-x .text
  00002d30    00002d30    00000254   00000254    r-- .const
  00002f88    00002f88    00000030   00000030    r-- .cinit
20000000    20000000    00000424   00000000    rw-
  20000000    20000000    00000211   00000000    rw- .bss
  20000218    20000218    00000200   00000000    rw- .stack
  20000418    20000418    0000000c   00000000    rw- .data


SECTION ALLOCATION MAP

 output                                  attributes/
section   page    origin      length       input sections
--------  ----  ----------  ----------   ----------------
.intvecs   0    00000000    0000026c     
                  00000000    0000026c     tm4c123gh6pm_startup_ccs.obj (.intvecs)

.text      0    0000026c    00002ac2     
                  0000026c    000004fc     MPU6050.obj (.text)
                  00000768    000004dc     uartstdio.obj (.text)
                  00000c44    000002ec     rtsv7M4_T_le_v4SPD16_eabi.lib : s_atan.c.obj (.text:atan)
                  00000f30    000002ac     main.obj (.text)
                  000011dc    000001d8     rtsv7M4_T_le_v4SPD16_eabi.lib : e_atan2.c.obj (.text:atan2)
                  000013b4    000001b6                                   : fd_add_t2.asm.obj (.text)
                  0000156a    00000002                                   : div0.asm.obj (.text)
                  0000156c    00000158                                   : e_sqrt.c.obj (.text:sqrt)
                  000016c4    00000136                                   : fd_div_t2.asm.obj (.text)
                  000017fa    00000132     driverlib.lib : gpio.obj (.text:GPIOPadConfigSet)
                  0000192c    00000110                   : sysctl.obj (.text:SysCtlClockGet)
                  00001a3c    00000100     controlador.obj (.text)
                  00001b3c    000000fc     rtsv7M4_T_le_v4SPD16_eabi.lib : fd_mul_t2.asm.obj (.text)
                  00001c38    000000f4     driverlib.lib : sysctl.obj (.text:SysCtlClockSet)
                  00001d2c    000000f2     sensorlib.lib : i2cm_drv.obj (.text:I2CMIntHandler)
                  00001e1e    00000002     --HOLE-- [fill = 0]
                  00001e20    000000f0                   : mpu6050.obj (.text:MPU6050Callback)
                  00001f10    0000009c     rtsv7M4_T_le_v4SPD16_eabi.lib : memcpy_t2.asm.obj (.text)
                  00001fac    00000098     sensorlib.lib : i2cm_drv.obj (.text:I2CMStateIdle)
                  00002044    00000088                   : i2cm_drv.obj (.text:I2CMCommand)
                  000020cc    00000086     rtsv7M4_T_le_v4SPD16_eabi.lib : fd_cmp_t2.asm.obj (.text:__aeabi_cdrcmple)
                  00002152    00000002     --HOLE-- [fill = 0]
                  00002154    00000078     sensorlib.lib : i2cm_drv.obj (.text:I2CMReadModifyWrite8)
                  000021cc    00000070                   : mpu6050.obj (.text:MPU6050DataAccelGetFloat)
                  0000223c    00000070                   : mpu6050.obj (.text:MPU6050DataGyroGetFloat)
                  000022ac    00000068     driverlib.lib : interrupt.obj (.text:IntDisable)
                  00002314    00000068                   : interrupt.obj (.text:IntEnable)
                  0000237c    00000068     rtsv7M4_T_le_v4SPD16_eabi.lib : copy_decompress_lzss.c.obj (.text:decompress:lzss:__TI_decompress_lzss)
                  000023e4    00000064     driverlib.lib : interrupt.obj (.text:IntIsEnabled)
                  00002448    00000060     sensorlib.lib : i2cm_drv.obj (.text:I2CMReadModifyWrite8Callback)
                  000024a8    00000060     driverlib.lib : timer.obj (.text:TimerConfigure)
                  00002508    0000005e     sensorlib.lib : i2cm_drv.obj (.text:I2CMStateWritePause)
                  00002566    00000002     --HOLE-- [fill = 0]
                  00002568    0000005c                   : mpu6050.obj (.text:MPU6050Init)
                  000025c4    00000054                   : mpu6050.obj (.text:MPU6050DataRead)
                  00002618    00000054     timer.obj (.text)
                  0000266c    00000050     sensorlib.lib : i2cm_drv.obj (.text:I2CMStateWriteFinal)
                  000026bc    00000050     driverlib.lib : sysctl.obj (.text:SysCtlPeripheralReset)
                  0000270c    0000004c                   : i2c.obj (.text:I2CMasterInitExpClk)
                  00002758    0000004c     sensorlib.lib : mpu6050.obj (.text:MPU6050ReadModifyWrite)
                  000027a4    0000004a                   : i2cm_drv.obj (.text:I2CMStateReadNext)
                  000027ee    00000002     --HOLE-- [fill = 0]
                  000027f0    00000048     driverlib.lib : gpio.obj (.text:GPIOPinConfigure)
                  00002838    00000048     sensorlib.lib : i2cm_drv.obj (.text:I2CMStateWriteNext)
                  00002880    00000048     rtsv7M4_T_le_v4SPD16_eabi.lib : fd_toi_t2.asm.obj (.text)
                  000028c8    00000046     driverlib.lib : uart.obj (.text:UARTConfigSetExpClk)
                  0000290e    00000044     sensorlib.lib : i2cm_drv.obj (.text:I2CMStateCallback)
                  00002952    00000002     --HOLE-- [fill = 0]
                  00002954    00000044     rtsv7M4_T_le_v4SPD16_eabi.lib : autoinit.c.obj (.text:__TI_auto_init_nobinit_nopinit:__TI_auto_init_nobinit_nopinit)
                  00002998    00000042     sensorlib.lib : i2cm_drv.obj (.text:I2CMStateReadFinal)
                  000029da    00000040     rtsv7M4_T_le_v4SPD16_eabi.lib : u_divt2.asm.obj (.text)
                  00002a1a    0000003e     sensorlib.lib : i2cm_drv.obj (.text:I2CMStateReadPause)
                  00002a58    00000038     driverlib.lib : sysctl.obj (.text:SysCtlPeripheralReady)
                  00002a90    00000038     rtsv7M4_T_le_v4SPD16_eabi.lib : fs_tod_t2.asm.obj (.text)
                  00002ac8    00000034     sensorlib.lib : i2cm_drv.obj (.text:I2CMInit)
                  00002afc    00000034     driverlib.lib : sysctl.obj (.text:SysCtlPeripheralEnable)
                  00002b30    00000034     rtsv7M4_T_le_v4SPD16_eabi.lib : boot_cortex_m.c.obj (.text:_c_int00_noargs:_c_int00_noargs)
                  00002b64    0000002a     driverlib.lib : gpio.obj (.text:GPIODirModeSet)
                  00002b8e    0000002a     sensorlib.lib : i2cm_drv.obj (.text:I2CMStateReadFirst)
                  00002bb8    00000020                   : i2cm_drv.obj (.text:I2CMStateReadOne)
                  00002bd8    00000020     driverlib.lib : uart.obj (.text:UARTDisable)
                  00002bf8    0000001c     rtsv7M4_T_le_v4SPD16_eabi.lib : copy_zero_init.c.obj (.text:decompress:ZI:__TI_zero_init_nomemset:__TI_zero_init_nomemset)
                  00002c14    0000001a     sensorlib.lib : i2cm_drv.obj (.text:I2CMStateReadWait)
                  00002c2e    00000014     driverlib.lib : uart.obj (.text:UARTEnable)
                  00002c42    00000012                   : gpio.obj (.text:GPIOPinTypeI2C)
                  00002c54    00000012                   : gpio.obj (.text:GPIOPinTypeI2CSCL)
                  00002c66    00000012                   : gpio.obj (.text:GPIOPinTypeUART)
                  00002c78    00000012                   : timer.obj (.text:TimerLoadSet)
                  00002c8a    00000010                   : interrupt.obj (.text:IntMasterEnable)
                  00002c9a    0000000e                   : timer.obj (.text:TimerEnable)
                  00002ca8    0000000e     rtsv7M4_T_le_v4SPD16_eabi.lib : copy_decompress_none.c.obj (.text:decompress:none:__TI_decompress_none)
                  00002cb6    0000000c     driverlib.lib : cpu.obj (.text:CPUcpsie)
                  00002cc2    00000002     --HOLE-- [fill = 0]
                  00002cc4    0000000c                   : interrupt.obj (.text:IntTrigger)
                  00002cd0    0000000c     tm4c123gh6pm_startup_ccs.obj (.text)
                  00002cdc    0000000a     driverlib.lib : i2c.obj (.text:I2CMasterEnable)
                  00002ce6    00000008                   : i2c.obj (.text:I2CMasterIntClear)
                  00002cee    00000008                   : i2c.obj (.text:I2CMasterIntEnableEx)
                  00002cf6    00000008                   : i2c.obj (.text:I2CMasterSlaveAddrSet)
                  00002cfe    00000008                   : timer.obj (.text:TimerIntEnable)
                  00002d06    00000002     --HOLE-- [fill = 0]
                  00002d08    00000008     rtsv7M4_T_le_v4SPD16_eabi.lib : errno.c.obj (.text:__aeabi_errno_addr)
                  00002d10    00000006     driverlib.lib : sysctl.obj (.text:SysCtlDelay)
                  00002d16    00000004                   : i2c.obj (.text:I2CMasterControl)
                  00002d1a    00000004                   : i2c.obj (.text:I2CMasterDataGet)
                  00002d1e    00000004                   : i2c.obj (.text:I2CMasterDataPut)
                  00002d22    00000004                   : timer.obj (.text:TimerIntClear)
                  00002d26    00000004     rtsv7M4_T_le_v4SPD16_eabi.lib : pre_init.c.obj (.text:_system_pre_init)
                  00002d2a    00000004                                   : exit.c.obj (.text:abort:abort)

.const     0    00002d30    00000254     
                  00002d30    00000098     rtsv7M4_T_le_v4SPD16_eabi.lib : s_atan.c.obj (.const:$O1$$)
                  00002dc8    00000090     driverlib.lib : gpio.obj (.const:g_pui32GPIOBaseAddrs)
                  00002e58    00000070                   : interrupt.obj (.const)
                  00002ec8    0000006c                   : sysctl.obj (.const:g_pui32Xtals)
                  00002f34    00000020     sensorlib.lib : mpu6050.obj (.const)
                  00002f54    00000012     uartstdio.obj (.const:.string)
                  00002f66    00000002     --HOLE-- [fill = 0]
                  00002f68    0000000c     uartstdio.obj (.const:g_ui32UARTBase)
                  00002f74    0000000c     uartstdio.obj (.const:g_ui32UARTPeriph)
                  00002f80    00000004     uartstdio.obj (.const)

.cinit     0    00002f88    00000030     
                  00002f88    0000000c     (__TI_handler_table)
                  00002f94    00000004     --HOLE-- [fill = 0]
                  00002f98    00000008     (.cinit..bss.load) [load image, compression = zero_init]
                  00002fa0    00000007     (.cinit..data.load) [load image, compression = lzss]
                  00002fa7    00000001     --HOLE-- [fill = 0]
                  00002fa8    00000010     (__TI_cinit_table)

.init_array 
*          0    00000000    00000000     UNINITIALIZED

.bss       0    20000000    00000211     UNINITIALIZED
                  20000000    00000124     (.common:g_sI2CMSimpleInst)
                  20000124    00000004     (.common:update)
                  20000128    00000078     (.common:imu)
                  200001a0    00000038     (.common:sMPU6050)
                  200001d8    00000020     (.common:pid)
                  200001f8    0000000c     (.common:fAccel)
                  20000204    0000000c     (.common:fGyro)
                  20000210    00000001     (.common:g_bMPU6050Done)

.data      0    20000418    0000000c     UNINITIALIZED
                  20000418    00000005     uartstdio.obj (.data)
                  2000041d    00000003     --HOLE--
                  20000420    00000004     rtsv7M4_T_le_v4SPD16_eabi.lib : errno.c.obj (.data)

.stack     0    20000218    00000200     UNINITIALIZED
                  20000218    00000004     rtsv7M4_T_le_v4SPD16_eabi.lib : boot_cortex_m.c.obj (.stack)
                  2000021c    000001fc     --HOLE--

__llvm_prf_cnts 
*          0    20000000    00000000     UNINITIALIZED

MODULE SUMMARY

       Module                         code    ro data   rw data
       ------                         ----    -------   -------
    .\
       main.obj                       684     0         529    
       tm4c123gh6pm_startup_ccs.obj   12      620       0      
    +--+------------------------------+-------+---------+---------+
       Total:                         696     620       529    
                                                               
    .\Librerias\
       uartstdio.obj                  1244    46        5      
       MPU6050.obj                    1276    0         0      
       controlador.obj                256     0         0      
       timer.obj                      84      0         0      
    +--+------------------------------+-------+---------+---------+
       Total:                         2860    46        5      
                                                               
    C:/ti/TivaWare_C_Series-2.1.4.178/driverlib/ccs/Debug/driverlib.lib
       sysctl.obj                     710     108       0      
       gpio.obj                       474     144       0      
       interrupt.obj                  336     112       0      
       timer.obj                      140     0         0      
       i2c.obj                        122     0         0      
       uart.obj                       122     0         0      
       cpu.obj                        12      0         0      
    +--+------------------------------+-------+---------+---------+
       Total:                         1916    364       0      
                                                               
    C:/ti/TivaWare_C_Series-2.1.4.178/sensorlib/ccs/Debug/sensorlib.lib
       i2cm_drv.obj                   1414    0         0      
       mpu6050.obj                    716     32        0      
    +--+------------------------------+-------+---------+---------+
       Total:                         2130    32        0      
                                                               
    C:\ti\ccs1000\ccs\tools\compiler\ti-cgt-arm_20.2.4.LTS\lib\rtsv7M4_T_le_v4SPD16_eabi.lib
       s_atan.c.obj                   748     152       0      
       e_atan2.c.obj                  472     0         0      
       fd_add_t2.asm.obj              438     0         0      
       e_sqrt.c.obj                   344     0         0      
       fd_div_t2.asm.obj              310     0         0      
       fd_mul_t2.asm.obj              252     0         0      
       memcpy_t2.asm.obj              156     0         0      
       fd_cmp_t2.asm.obj              134     0         0      
       copy_decompress_lzss.c.obj     104     0         0      
       fd_toi_t2.asm.obj              72      0         0      
       autoinit.c.obj                 68      0         0      
       u_divt2.asm.obj                64      0         0      
       fs_tod_t2.asm.obj              56      0         0      
       boot_cortex_m.c.obj            52      0         0      
       copy_zero_init.c.obj           28      0         0      
       copy_decompress_none.c.obj     14      0         0      
       errno.c.obj                    8       0         4      
       exit.c.obj                     4       0         0      
       pre_init.c.obj                 4       0         0      
       div0.asm.obj                   2       0         0      
    +--+------------------------------+-------+---------+---------+
       Total:                         3330    152       4      
                                                               
       Stack:                         0       0         512    
       Linker Generated:              0       43        0      
    +--+------------------------------+-------+---------+---------+
       Grand Total:                   10932   1257      1050   


LINKER GENERATED COPY TABLES

__TI_cinit_table @ 00002fa8 records: 2, size/record: 8, table size: 16
	.bss: load addr=00002f98, load size=00000008 bytes, run addr=20000000, run size=00000211 bytes, compression=zero_init
	.data: load addr=00002fa0, load size=00000007 bytes, run addr=20000418, run size=0000000c bytes, compression=lzss


LINKER GENERATED HANDLER TABLE

__TI_handler_table @ 00002f88 records: 3, size/record: 4, table size: 12
	index: 0, handler: __TI_decompress_lzss
	index: 1, handler: __TI_decompress_none
	index: 2, handler: __TI_zero_init


GLOBAL SYMBOLS: SORTED ALPHABETICALLY BY Name 

address   name                           
-------   ----                           
00002d2b  C$$EXIT                        
00002cb7  CPUcpsie                       
00000f43  ConfigureUART                  
00002b65  GPIODirModeSet                 
000017fb  GPIOPadConfigSet               
000027f1  GPIOPinConfigure               
00002c43  GPIOPinTypeI2C                 
00002c55  GPIOPinTypeI2CSCL              
00002c67  GPIOPinTypeUART                
00002045  I2CMCommand                    
00002ac9  I2CMInit                       
00001d2d  I2CMIntHandler                 
00002155  I2CMReadModifyWrite8           
000002db  I2CMSimpleIntHandler           
00002d17  I2CMasterControl               
00002d1b  I2CMasterDataGet               
00002d1f  I2CMasterDataPut               
00002cdd  I2CMasterEnable                
0000270d  I2CMasterInitExpClk            
00002ce7  I2CMasterIntClear              
00002cef  I2CMasterIntEnableEx           
00002cf7  I2CMasterSlaveAddrSet          
0000026d  InitI2C0                       
000022ad  IntDisable                     
00002315  IntEnable                      
000023e5  IntIsEnabled                   
00002c8b  IntMasterEnable                
00002cc5  IntTrigger                     
000002c9  MPU6050Callback                
000021cd  MPU6050DataAccelGetFloat       
0000223d  MPU6050DataGyroGetFloat        
000025c5  MPU6050DataRead                
000002e5  MPU6050INIT                    
00002569  MPU6050Init                    
0000036f  MPU6050READDATA                
00002759  MPU6050ReadModifyWrite         
00001a3d  PID_control                    
00002cd1  ResetISR                       
0000192d  SysCtlClockGet                 
00001c39  SysCtlClockSet                 
00002d11  SysCtlDelay                    
00002afd  SysCtlPeripheralEnable         
00002a59  SysCtlPeripheralReady          
000026bd  SysCtlPeripheralReset          
00000f31  Timer0Handler                  
000024a9  TimerConfigure                 
00002c9b  TimerEnable                    
00002d23  TimerIntClear                  
00002cff  TimerIntEnable                 
00002c79  TimerLoadSet                   
000028c9  UARTConfigSetExpClk            
00002bd9  UARTDisable                    
00002c2f  UARTEnable                     
00000769  UARTStdioConfig                
000008e1  UARTgetc                       
0000081b  UARTgets                       
00000c0f  UARTprintf                     
00000915  UARTvprintf                    
000007c9  UARTwrite                      
20000418  __STACK_END                    
00000200  __STACK_SIZE                   
20000418  __STACK_TOP                    
00002fa8  __TI_CINIT_Base                
00002fb8  __TI_CINIT_Limit               
00002f88  __TI_Handler_Table_Base        
00002f94  __TI_Handler_Table_Limit       
00002955  __TI_auto_init_nobinit_nopinit 
0000237d  __TI_decompress_lzss           
00002ca9  __TI_decompress_none           
ffffffff  __TI_pprof_out_hndl            
ffffffff  __TI_prof_data_size            
ffffffff  __TI_prof_data_start           
00000000  __TI_static_base__             
00002bf9  __TI_zero_init_nomemset        
000020cd  __aeabi_cdrcmple               
00002881  __aeabi_d2iz                   
000013bf  __aeabi_dadd                   
000016c5  __aeabi_ddiv                   
00001b3d  __aeabi_dmul                   
000013b5  __aeabi_dsub                   
00002d09  __aeabi_errno_addr             
00002a91  __aeabi_f2d                    
0000156b  __aeabi_idiv0                  
0000156b  __aeabi_ldiv0                  
00001f11  __aeabi_memcpy                 
00001f11  __aeabi_memcpy4                
00001f11  __aeabi_memcpy8                
000029db  __aeabi_uidiv                  
000029db  __aeabi_uidivmod               
ffffffff  __binit__                      
ffffffff  __c_args__                     
UNDEFED   __mpu_init                     
20000218  __stack                        
20000000  __start___llvm_prf_cnts        
20000000  __stop___llvm_prf_cnts         
00002b31  _c_int00_noargs                
UNDEFED   _system_post_cinit             
00002d27  _system_pre_init               
00002d2b  abort                          
00000c45  atan                           
000011dd  atan2                          
000011dd  atan2l                         
00000c45  atanl                          
ffffffff  binit                          
20000420  errno                          
200001f8  fAccel                         
20000204  fGyro                          
00000505  filtro_complementario_posicion 
0000063d  filtro_complementario_velocidad
20000210  g_bMPU6050Done                 
00000000  g_pfnVectors                   
20000000  g_sI2CMSimpleInst              
20000128  imu                            
00000f8d  main                           
00001f11  memcpy                         
200001d8  pid                            
200001a0  sMPU6050                       
0000156d  sqrt                           
0000156d  sqrtl                          
00002619  timer_init                     
20000124  update                         


GLOBAL SYMBOLS: SORTED BY Symbol Address 

address   name                           
-------   ----                           
00000000  __TI_static_base__             
00000000  g_pfnVectors                   
00000200  __STACK_SIZE                   
0000026d  InitI2C0                       
000002c9  MPU6050Callback                
000002db  I2CMSimpleIntHandler           
000002e5  MPU6050INIT                    
0000036f  MPU6050READDATA                
00000505  filtro_complementario_posicion 
0000063d  filtro_complementario_velocidad
00000769  UARTStdioConfig                
000007c9  UARTwrite                      
0000081b  UARTgets                       
000008e1  UARTgetc                       
00000915  UARTvprintf                    
00000c0f  UARTprintf                     
00000c45  atan                           
00000c45  atanl                          
00000f31  Timer0Handler                  
00000f43  ConfigureUART                  
00000f8d  main                           
000011dd  atan2                          
000011dd  atan2l                         
000013b5  __aeabi_dsub                   
000013bf  __aeabi_dadd                   
0000156b  __aeabi_idiv0                  
0000156b  __aeabi_ldiv0                  
0000156d  sqrt                           
0000156d  sqrtl                          
000016c5  __aeabi_ddiv                   
000017fb  GPIOPadConfigSet               
0000192d  SysCtlClockGet                 
00001a3d  PID_control                    
00001b3d  __aeabi_dmul                   
00001c39  SysCtlClockSet                 
00001d2d  I2CMIntHandler                 
00001f11  __aeabi_memcpy                 
00001f11  __aeabi_memcpy4                
00001f11  __aeabi_memcpy8                
00001f11  memcpy                         
00002045  I2CMCommand                    
000020cd  __aeabi_cdrcmple               
00002155  I2CMReadModifyWrite8           
000021cd  MPU6050DataAccelGetFloat       
0000223d  MPU6050DataGyroGetFloat        
000022ad  IntDisable                     
00002315  IntEnable                      
0000237d  __TI_decompress_lzss           
000023e5  IntIsEnabled                   
000024a9  TimerConfigure                 
00002569  MPU6050Init                    
000025c5  MPU6050DataRead                
00002619  timer_init                     
000026bd  SysCtlPeripheralReset          
0000270d  I2CMasterInitExpClk            
00002759  MPU6050ReadModifyWrite         
000027f1  GPIOPinConfigure               
00002881  __aeabi_d2iz                   
000028c9  UARTConfigSetExpClk            
00002955  __TI_auto_init_nobinit_nopinit 
000029db  __aeabi_uidiv                  
000029db  __aeabi_uidivmod               
00002a59  SysCtlPeripheralReady          
00002a91  __aeabi_f2d                    
00002ac9  I2CMInit                       
00002afd  SysCtlPeripheralEnable         
00002b31  _c_int00_noargs                
00002b65  GPIODirModeSet                 
00002bd9  UARTDisable                    
00002bf9  __TI_zero_init_nomemset        
00002c2f  UARTEnable                     
00002c43  GPIOPinTypeI2C                 
00002c55  GPIOPinTypeI2CSCL              
00002c67  GPIOPinTypeUART                
00002c79  TimerLoadSet                   
00002c8b  IntMasterEnable                
00002c9b  TimerEnable                    
00002ca9  __TI_decompress_none           
00002cb7  CPUcpsie                       
00002cc5  IntTrigger                     
00002cd1  ResetISR                       
00002cdd  I2CMasterEnable                
00002ce7  I2CMasterIntClear              
00002cef  I2CMasterIntEnableEx           
00002cf7  I2CMasterSlaveAddrSet          
00002cff  TimerIntEnable                 
00002d09  __aeabi_errno_addr             
00002d11  SysCtlDelay                    
00002d17  I2CMasterControl               
00002d1b  I2CMasterDataGet               
00002d1f  I2CMasterDataPut               
00002d23  TimerIntClear                  
00002d27  _system_pre_init               
00002d2b  C$$EXIT                        
00002d2b  abort                          
00002f88  __TI_Handler_Table_Base        
00002f94  __TI_Handler_Table_Limit       
00002fa8  __TI_CINIT_Base                
00002fb8  __TI_CINIT_Limit               
20000000  __start___llvm_prf_cnts        
20000000  __stop___llvm_prf_cnts         
20000000  g_sI2CMSimpleInst              
20000124  update                         
20000128  imu                            
200001a0  sMPU6050                       
200001d8  pid                            
200001f8  fAccel                         
20000204  fGyro                          
20000210  g_bMPU6050Done                 
20000218  __stack                        
20000418  __STACK_END                    
20000418  __STACK_TOP                    
20000420  errno                          
ffffffff  __TI_pprof_out_hndl            
ffffffff  __TI_prof_data_size            
ffffffff  __TI_prof_data_start           
ffffffff  __binit__                      
ffffffff  __c_args__                     
ffffffff  binit                          
UNDEFED   __mpu_init                     
UNDEFED   _system_post_cinit             

[121 symbols]
